<ul class="nav&#x20;My_Nav">
    <li class="nav-item">
        <a class="nav-link" href="site1">Site 1</a>
    </li>
    <li class="nav-item&#x20;active">
        <a aria-current="page" class="nav-link" href="site2">Site 2</a>
    </li>
    <li class="nav-item">
        <a class="nav-link" href="site3">Site 3</a>
    </li>
</ul>