<ul class="nav&#x20;navigation">
    <li class="nav-item">
        <a class="nav-link&#x20;btn" title="Go&#x20;home" href="index">Home</a>
    </li>
    <li class="nav-item&#x20;dropdown">
        <details>
        <summary aria-expanded="false" role="button" class="nav-link&#x20;btn&#x20;dropdown-toggle">Page 1</summary>
        <ul class="dropdown-menu&#x20;dropdown-details-menu">
            <li>
                <a class="dropdown-item&#x20;btn" href="page1&#x2F;page1_1">Page 1.1</a>
            </li>
        </ul>
        </details>
    </li>
    <li class="nav-item&#x20;dropdown&#x20;active">
        <details>
        <summary aria-expanded="false" role="button" aria-current="page" class="nav-link&#x20;btn&#x20;dropdown-toggle">Page 2</summary>
        <ul class="dropdown-menu&#x20;dropdown-details-menu">
            <li>
                <a class="dropdown-item&#x20;btn" href="page2&#x2F;page2_1">Page 2.1</a>
            </li>
            <li class="dropdown&#x20;active">
                <details>
                <summary aria-expanded="false" role="button" class="dropdown-item&#x20;btn&#x20;dropdown-toggle">Page 2.2</summary>
                <ul class="dropdown-menu&#x20;dropdown-details-menu">
                    <li>
                        <a class="dropdown-item&#x20;btn" href="page2&#x2F;page2_2&#x2F;page2_2_1">Page 2.2.1</a>
                    </li>
                    <li class="active">
                        <a class="dropdown-item&#x20;btn" href="page2&#x2F;page2_2&#x2F;page2_2_2">Page 2.2.2</a>
                    </li>
                </ul>
                </details>
            </li>
            <li class="dropdown&#x20;active">
                <details>
                <summary aria-expanded="false" role="button" class="dropdown-item&#x20;btn&#x20;dropdown-toggle">Page 2.3</summary>
                <ul class="dropdown-menu&#x20;dropdown-details-menu">
                    <li>
                        <a class="dropdown-item&#x20;btn" href="page2&#x2F;page2_3&#x2F;page2_3_1">Page 2.3.1</a>
                    </li>
                    <li class="dropdown&#x20;active">
                        <details>
                        <summary aria-expanded="false" role="button" class="dropdown-item&#x20;btn&#x20;dropdown-toggle">Page 2.3.3</summary>
                        <ul class="dropdown-menu&#x20;dropdown-details-menu">
                            <li class="active">
                                <a class="dropdown-item&#x20;btn" href="page2&#x2F;page2_3&#x2F;page2_3_3&#x2F;1">Page 2.3.3.1</a>
                            </li>
                            <li class="active">
                                <a class="dropdown-item&#x20;btn" href="page2&#x2F;page2_3&#x2F;page2_3_3&#x2F;2">Page 2.3.3.2</a>
                            </li>
                        </ul>
                        </details>
                    </li>
                </ul>
                </details>
            </li>
        </ul>
        </details>
    </li>
    <li class="nav-item&#x20;dropdown">
        <details>
        <summary aria-expanded="false" role="button" class="nav-link&#x20;btn&#x20;dropdown-toggle">Page 3</summary>
        <ul class="dropdown-menu&#x20;dropdown-details-menu">
            <li>
                <a class="dropdown-item&#x20;btn" href="page3&#x2F;page3_1">Page 3.1</a>
            </li>
            <li class="dropdown">
                <details>
                <summary aria-expanded="false" role="button" class="dropdown-item&#x20;btn&#x20;dropdown-toggle">Page 3.2</summary>
                <ul class="dropdown-menu&#x20;dropdown-details-menu">
                    <li>
                        <a class="dropdown-item&#x20;btn" href="page3&#x2F;page3_2&#x2F;page3_2_1">Page 3.2.1</a>
                    </li>
                    <li>
                        <a class="dropdown-item&#x20;btn" href="page3&#x2F;page3_2&#x2F;page3_2_2">Page 3.2.2</a>
                    </li>
                </ul>
                </details>
            </li>
            <li class="dropdown">
                <details>
                <summary aria-expanded="false" role="button" class="dropdown-item&#x20;btn&#x20;dropdown-toggle">Page 3.3</summary>
                <ul class="dropdown-menu&#x20;dropdown-details-menu">
                    <li>
                        <a class="dropdown-item&#x20;btn" href="page3&#x2F;page3_3&#x2F;page3_3_2">Page 3.3.2</a>
                    </li>
                </ul>
                </details>
            </li>
        </ul>
        </details>
    </li>
    <li class="nav-item">
        <a class="nav-link&#x20;btn" href="http&#x3A;&#x2F;&#x2F;www.zym-project.com&#x2F;">Zym</a>
    </li>
</ul>