<ul class="nav&#x20;navigation">
    <li class="nav-item">
        <a class="nav-link&#x20;btn" href="site1">Site 1</a>
    </li>
    <li class="nav-item&#x20;active">
        <a aria-current="page" class="nav-link&#x20;btn" href="site2">Site 2</a>
    </li>
    <li class="nav-item">
        <a class="nav-link&#x20;btn" href="site3">Site 3</a>
    </li>
    <li class="nav-item">
        <a class="nav-link&#x20;btn" href="badges">Badges <span class="badge">1</span></a>
    </li>
</ul>