        <ul class="nav&#x20;navigation">
            <li class="nav-item">
                <a class="nav-link" title="Go&#x20;home" href="index">Home</a>
            </li>
            <li class="nav-item&#x20;dropdown">
                <a data-bs-toggle="dropdown" aria-expanded="false" role="button" class="nav-link&#x20;dropdown-toggle" href="page1">Page 1</a>
                <ul class="dropdown-menu">
                    <li>
                        <a class="dropdown-item" href="page1&#x2F;page1_1">Page 1.1</a>
                    </li>
                </ul>
            </li>
            <li class="nav-item&#x20;dropdown&#x20;active">
                <a data-bs-toggle="dropdown" aria-expanded="false" role="button" aria-current="page" class="nav-link&#x20;dropdown-toggle" href="page2">Page 2</a>
                <ul class="dropdown-menu">
                    <li>
                        <a class="dropdown-item" href="page2&#x2F;page2_1">Page 2.1</a>
                    </li>
                    <li class="dropdown&#x20;active">
                        <a data-bs-toggle="dropdown" aria-expanded="false" role="button" class="dropdown-item&#x20;dropdown-toggle" href="page2&#x2F;page2_2">Page 2.2</a>
                        <ul class="dropdown-menu">
                            <li>
                                <a class="dropdown-item" href="page2&#x2F;page2_2&#x2F;page2_2_1">Page 2.2.1</a>
                            </li>
                            <li class="active">
                                <a class="dropdown-item" href="page2&#x2F;page2_2&#x2F;page2_2_2">Page 2.2.2</a>
                            </li>
                        </ul>
                    </li>
                    <li class="dropdown&#x20;active">
                        <a data-bs-toggle="dropdown" aria-expanded="false" role="button" class="dropdown-item&#x20;dropdown-toggle" href="page2&#x2F;page2_3">Page 2.3</a>
                        <ul class="dropdown-menu">
                            <li>
                                <a class="dropdown-item" href="page2&#x2F;page2_3&#x2F;page2_3_1">Page 2.3.1</a>
                            </li>
                            <li class="dropdown&#x20;active">
                                <a data-bs-toggle="dropdown" aria-expanded="false" role="button" class="dropdown-item&#x20;dropdown-toggle" href="page2&#x2F;page2_3&#x2F;page2_3_3">Page 2.3.3</a>
                                <ul class="dropdown-menu">
                                    <li class="active">
                                        <a class="dropdown-item" href="page2&#x2F;page2_3&#x2F;page2_3_3&#x2F;1">Page 2.3.3.1</a>
                                    </li>
                                    <li class="active">
                                        <a class="dropdown-item" href="page2&#x2F;page2_3&#x2F;page2_3_3&#x2F;2">Page 2.3.3.2</a>
                                    </li>
                                </ul>
                            </li>
                        </ul>
                    </li>
                </ul>
            </li>
            <li class="nav-item&#x20;dropdown">
                <a data-bs-toggle="dropdown" aria-expanded="false" role="button" class="nav-link&#x20;dropdown-toggle" href="page3">Page 3</a>
                <ul class="dropdown-menu">
                    <li>
                        <a class="dropdown-item" href="page3&#x2F;page3_1">Page 3.1</a>
                    </li>
                    <li class="dropdown">
                        <a data-bs-toggle="dropdown" aria-expanded="false" role="button" class="dropdown-item&#x20;dropdown-toggle" href="page3&#x2F;page3_2">Page 3.2</a>
                        <ul class="dropdown-menu">
                            <li>
                                <a class="dropdown-item" href="page3&#x2F;page3_2&#x2F;page3_2_1">Page 3.2.1</a>
                            </li>
                            <li>
                                <a class="dropdown-item" href="page3&#x2F;page3_2&#x2F;page3_2_2">Page 3.2.2</a>
                            </li>
                        </ul>
                    </li>
                    <li class="dropdown">
                        <a data-bs-toggle="dropdown" aria-expanded="false" role="button" class="dropdown-item&#x20;dropdown-toggle" href="page3&#x2F;page3_3">Page 3.3</a>
                        <ul class="dropdown-menu">
                            <li>
                                <a class="dropdown-item" href="page3&#x2F;page3_3&#x2F;page3_3_2">Page 3.3.2</a>
                            </li>
                        </ul>
                    </li>
                </ul>
            </li>
            <li class="nav-item">
                <a class="nav-link" href="http&#x3A;&#x2F;&#x2F;www.zym-project.com&#x2F;">Zym</a>
            </li>
        </ul>