<ul class="nav&#x20;navigation">
    <li class="nav-item&#x20;active">
        <a aria-current="page" class="nav-link" href="page2&#x2F;page2_3&#x2F;page2_3_3&#x2F;1">Page 2.3.3.1</a>
    </li>
    <li class="nav-item&#x20;active">
        <a aria-current="page" class="nav-link" href="page2&#x2F;page2_3&#x2F;page2_3_3&#x2F;2">Page 2.3.3.2</a>
    </li>
</ul>