<ul class="nav&#x20;navigation">
    <li class="nav-item&#x20;dropdown&#x20;active">
        <a data-bs-toggle="dropdown" aria-expanded="false" role="button" aria-current="page" class="nav-link&#x20;dropdown-toggle" href="page2&#x2F;page2_2">Page 2.2</a>
        <ul class="dropdown-menu">
            <li class="active">
                <a class="dropdown-item" href="page2&#x2F;page2_2&#x2F;page2_2_2">Page 2.2.2</a>
            </li>
        </ul>
    </li>
    <li class="nav-item&#x20;dropdown&#x20;active">
        <a data-bs-toggle="dropdown" aria-expanded="false" role="button" aria-current="page" class="nav-link&#x20;dropdown-toggle" href="page2&#x2F;page2_3">Page 2.3</a>
        <ul class="dropdown-menu">
            <li>
                <a class="dropdown-item" href="page2&#x2F;page2_3&#x2F;page2_3_1">Page 2.3.1</a>
            </li>
            <li class="active">
                <a class="dropdown-item" href="page2&#x2F;page2_3&#x2F;page2_3_3">Page 2.3.3</a>
            </li>
        </ul>
    </li>
</ul>