<ul class="nav&#x20;navigation">
    <li class="nav-item">
        <a class="nav-link" href="page2&#x2F;page2_1">Page 2.1</a>
    </li>
    <li class="nav-item">
        <a class="nav-link" href="page2&#x2F;page2_2">Page 2.2</a>
    </li>
    <li class="nav-item">
        <a class="nav-link" href="page2&#x2F;page2_3">Page 2.3</a>
    </li>
</ul>