<nav aria-label="breadcrumb">
<ul class="breadcrumb">
<li class="breadcrumb-item">
<a href="page2">Page 2</a>
</li>
&gt;
<li class="breadcrumb-item">
<a href="page2&#x2F;page2_2">Page 2.2</a>
</li>
&gt;
<li class="breadcrumb-item active" aria-current="page">
Page 2.2.2
</li>
</ul>
</nav>
