<nav aria-label="breadcrumb">
<ul class="breadcrumb">
<li class="breadcrumb-item active" aria-current="page">
Site 2
</li>
</ul>
</nav>
