<nav aria-label="breadcrumb">
<ul class="breadcrumb">
<li class="breadcrumb-item active" aria-current="page">
Live &amp; Learn
</li>
</ul>
</nav>
