<nav aria-label="breadcrumb">
<ul class="breadcrumb">
<li class="breadcrumb-item">
<a href="page2">Page 2</a>
</li>
&gt;
<li class="breadcrumb-item">
Page 2.3
</li>
</ul>
</nav>
