<nav aria-label="breadcrumb">
<ul class="breadcrumb">
<li class="breadcrumb-item">
<a href="page2">Page 2</a>
</li>
foo
<li class="breadcrumb-item">
<a href="page2&#x2F;page2_3">Page 2.3</a>
</li>
foo
<li class="breadcrumb-item">
<a href="page2&#x2F;page2_3&#x2F;page2_3_3">Page 2.3.3</a>
</li>
foo
<li class="breadcrumb-item active" aria-current="page">
Page 2.3.3.1
</li>
</ul>
</nav>
